// Jest Snapshot v1, https://goo.gl/fbAQLP

exports[`Front page matches snapshot for given user 1`] = `
<div>
  <div
    class="flex h-full items-center justify-center"
  >
    <div
      class="flex flex-row items-center gap-2"
    >
      <span
        class="fa-solid fa-spinner fa-spin-pulse"
      />
      <p>
        Redirecting to login...
      </p>
    </div>
  </div>
</div>
`;

exports[`Front page matches snapshot for no user 1`] = `
<div>
  <div
    class="flex h-full items-center justify-center"
  >
    <div
      class="flex flex-row items-center gap-2"
    >
      <span
        class="fa-solid fa-spinner fa-spin-pulse"
      />
      <p>
        Redirecting to login...
      </p>
    </div>
  </div>
</div>
`;
