// Jest Snapshot v1, https://goo.gl/fbAQLP

exports[`GenericPage matches snapshot 1`] = `
<div>
  <div
    class="m-2 grid h-full grid-cols-[25%_75%] grid-rows-[5em_1fr] gap-0 overflow-clip rounded p-0"
  >
    <header
      class="col-span-2 flex flex-row items-center justify-between border-b-2 border-solid border-thischord-900 bg-thischord-600 p-4"
    >
      <div
        class="flex flex-row items-center gap-3"
      >
        <i
          class="fa-solid fa-gamepad"
        />
        <h1
          class="text-2xl font-black"
        >
          Thischord
        </h1>
      </div>
      <div />
    </header>
    <div
      class="bg-thischord-800 p-2"
    />
    <div
      class="min-h-0 bg-thischord-600"
    />
  </div>
</div>
`;
