// Jest Snapshot v1, https://goo.gl/fbAQLP

exports[`NotFoundPage matches snapshot 1`] = `
<div>
  <div>
    <h1>
      Not found...
    </h1>
  </div>
</div>
`;
